Component: Arm Compiler for Embedded 6.22 Tool: armlink [5ee90200]

==============================================================================

Section Cross References

    codigo.o(RESET) refers to codigo.o(.text) for Start
    codigo.o(.text) refers to inicializarpuertos.o(.text) for Inicializarpuertos


==============================================================================

Image Symbol Table

    Local Symbols

    Symbol Name                              Value     Ov Type        Size  Object(Section)

    Inicializarpuertos.s                     0x00000000   Number         0  inicializarpuertos.o ABSOLUTE
    codigo.s                                 0x00000000   Number         0  codigo.o ABSOLUTE
    RESET                                    0x00000000   Section        8  codigo.o(RESET)
    $v0                                      0x00000008   Number         0  codigo.o(.text)
    .text                                    0x00000008   Section      220  codigo.o(.text)
    $v0                                      0x000000e4   Number         0  inicializarpuertos.o(.text)
    .text                                    0x000000e4   Section      164  inicializarpuertos.o(.text)

    Global Symbols

    Symbol Name                              Value     Ov Type        Size  Object(Section)

    BuildAttributes$$THM_ISAv4$E$P$D$K$B$S$7EM$VFPi3$EXTD16$VFPS$VFMA$PE$A:L22UL41UL21$X:L11$S22US41US21$IEEE1$IW$~IW$USESV6$~STKCKD$USESV7$~SHL$OSPACE$EBA8$STANDARDLIB$REQ8$EABIv2 0x00000000   Number         0  anon$$obj.o ABSOLUTE
    __Vectors                                0x00000000   Data           0  codigo.o(RESET)
    Start                                    0x00000009   Thumb Code     0  codigo.o(.text)
    Inicializarpuertos                       0x000000e5   Thumb Code     0  inicializarpuertos.o(.text)



==============================================================================

Memory Map of the image

  Image entry point : Not specified.

  Load Region LR_IROM1 (Base: 0x00000000, Size: 0x00000188, Max: 0x00040000, ABSOLUTE)

    Execution Region ER_IROM1 (Exec base: 0x00000000, Load base: 0x00000000, Size: 0x00000188, Max: 0x00040000, ABSOLUTE)

    Exec Addr    Load Addr    Size         Type   Attr      Idx    E Section Name        Object

    0x00000000   0x00000000   0x00000008   Data   RO            3    RESET               codigo.o
    0x00000008   0x00000008   0x00000000   Code   RO            1    .text               startup.o
    0x00000008   0x00000008   0x000000dc   Code   RO            4    .text               codigo.o
    0x000000e4   0x000000e4   0x000000a4   Code   RO            9    .text               inicializarpuertos.o


    Execution Region RW_IRAM1 (Exec base: 0x20000000, Load base: 0x00000188, Size: 0x00000000, Max: 0x00008000, ABSOLUTE)

    **** No section assigned to this execution region ****


==============================================================================

Image component sizes


      Code (inc. data)   RO Data    RW Data    ZI Data      Debug   Object Name

       220         46          8          0          0        336   codigo.o
       164         46          0          0          0        308   inicializarpuertos.o
         0          0          0          0          0          0   startup.o

    ----------------------------------------------------------------------
       384         92          8          0          0        644   Object Totals
         0          0          0          0          0          0   (incl. Generated)
         0          0          0          0          0          0   (incl. Padding)

    ----------------------------------------------------------------------
         0          0          0          0          0          0   Library Totals
         0          0          0          0          0          0   (incl. Padding)

    ----------------------------------------------------------------------

==============================================================================


      Code (inc. data)   RO Data    RW Data    ZI Data      Debug   

       384         92          8          0          0        644   Grand Totals
       384         92          8          0          0        644   ELF Image Totals
       384         92          8          0          0          0   ROM Totals

==============================================================================

    Total RO  Size (Code + RO Data)                  392 (   0.38kB)
    Total RW  Size (RW Data + ZI Data)                 0 (   0.00kB)
    Total ROM Size (Code + RO Data + RW Data)        392 (   0.38kB)

==============================================================================

