<html>
<body>
<pre>
<h1>µVision Build Log</h1>
<h2>Tool Versions:</h2>
IDE-Version: µVision V5.41.0.0
Copyright (C) 2024 ARM Ltd and ARM Germany GmbH. All rights reserved.
License Information: Cindy Gatica
USAC
User-based license: Keil MDK Community (non-commercial free of charge)
Valid until: May 31 2033. Cached until: Apr 14 2025
 
Tool Versions:
Toolchain:       Keil MDK Community (non-commercial free of charge  Version: 5.41.0.0
Toolchain Path:  C:\Program Files (x86)\ArmCompilerforEmbedded6.22\Bin
C Compiler:      ArmClang.exe V6.22
Assembler:       Armasm.exe V6.22
Linker/Locator:  ArmLink.exe V6.22
Library Manager: ArmAr.exe V6.22
Hex Converter:   FromElf.exe V6.22
CPU DLL:         SARMCM3.DLL V5.41.0.0
Dialog DLL:      DCM.DLL V1.17.5.0
Target DLL:      lmidk-agdi.dll V???
Dialog DLL:      TCM.DLL V1.56.4.0
 
<h2>Project:</h2>
C:\Users\Melissa A\Documents\curso primer semestre 2025\Electronica 5\segundo parcial\parcial.uvprojx
Project File Date:  04/08/2025

<h2>Output:</h2>
*** Using Compiler 'V6.22', folder: 'C:\Program Files (x86)\ArmCompilerforEmbedded6.22\Bin'
Build target 'Target_1'
assembling problemaUno.s...
linking...
.\Objects\parcial.axf: Warning: L6305W: Image does not have an entry point. (Not specified or not set due to multiple choices.)
.\Objects\parcial.sct(8): warning: L6314W: No section matches pattern *(InRoot$$Sections).
Program Size: Code=776 RO-data=0 RW-data=0 ZI-data=1024  
Finished: 0 information, 2 warning and 0 error messages.
".\Objects\parcial.axf" - 0 Error(s), 2 Warning(s).

<h2>Software Packages used:</h2>

Package Vendor: Keil
                http://www.keil.com/pack/Keil.TM4C_DFP.1.1.0.pack
                Keil::TM4C_DFP@1.1.0
                Texas Instruments Tiva C Series Device Support and Examples

<h2>Collection of Component include folders:</h2>
  C:/Users/Melissa A/AppData/Local/Arm/Packs/Keil/TM4C_DFP/1.1.0/Device/Include/TM4C123

<h2>Collection of Component Files used:</h2>
Build Time Elapsed:  00:00:00
</pre>
</body>
</html>
